// Jest Snapshot v1, https://goo.gl/fbAQLP

exports[`Button should render correctly without errors 1`] = `
<button
  onClick={[Function]}
>
  Mock Value
</button>
`;
