// Jest Snapshot v1, https://goo.gl/fbAQLP

exports[`Header renders without errors when given a title prop 1`] = `
<h1
  className="title"
>
  mock title
</h1>
`;
