// Jest Snapshot v1, https://goo.gl/fbAQLP

exports[`Router should render correctly with no props 1`] = `
<BrowserRouter>
  <Routes />
</BrowserRouter>
`;
