// Jest Snapshot v1, https://goo.gl/fbAQLP

exports[`Routes should render correctly with no props 1`] = `
<Switch>
  <Route
    component={[Function]}
    exact={true}
    path="/"
  />
  <Route
    component={[Function]}
    exact={true}
    path="/history"
  />
  <Route
    component={[Function]}
  />
</Switch>
`;
