// Jest Snapshot v1, https://goo.gl/fbAQLP

exports[`Main should render correctly with no props 1`] = `
<Fragment>
  <Connect(CounterProvider)
    render={[Function]}
  />
  <Link
    replace={false}
    to="/history"
  >
    History
  </Link>
</Fragment>
`;
